// Jest Snapshot v1, https://goo.gl/fbAQLP

exports[`Link renders successfully 1`] = `
<div>
  hello world
</div>
`;
